[2024-09-11T23:40:01.967+0530][gc,heap] Heap region size: 1M
[2024-09-11T23:40:01.974+0530][gc     ] Using G1
[2024-09-11T23:40:01.975+0530][gc,heap,coops] Heap address: 0x00000000c0000000, size: 1024 MB, Compressed Oops mode: 32-bit
[2024-09-11T23:40:01.975+0530][gc,cds       ] Mark closed archive regions in map: [0x00000000fff00000, 0x00000000fff6bff8]
[2024-09-11T23:40:01.976+0530][gc,cds       ] Mark open archive regions in map: [0x00000000ffe00000, 0x00000000ffe47ff8]
[2024-09-11T23:40:03.685+0530][gc,start     ] GC(0) Pause Young (Normal) (G1 Evacuation Pause)
[2024-09-11T23:40:03.687+0530][gc,task      ] GC(0) Using 10 workers of 10 for evacuation
[2024-09-11T23:40:03.700+0530][gc,phases    ] GC(0)   Pre Evacuate Collection Set: 0.0ms
[2024-09-11T23:40:03.700+0530][gc,phases    ] GC(0)   Evacuate Collection Set: 11.3ms
[2024-09-11T23:40:03.700+0530][gc,phases    ] GC(0)   Post Evacuate Collection Set: 0.9ms
[2024-09-11T23:40:03.701+0530][gc,phases    ] GC(0)   Other: 2.8ms
[2024-09-11T23:40:03.701+0530][gc,heap      ] GC(0) Eden regions: 51->0(44)
[2024-09-11T23:40:03.702+0530][gc,heap      ] GC(0) Survivor regions: 0->7(7)
[2024-09-11T23:40:03.702+0530][gc,heap      ] GC(0) Old regions: 2->2
[2024-09-11T23:40:03.702+0530][gc,heap      ] GC(0) Humongous regions: 0->0
[2024-09-11T23:40:03.702+0530][gc,metaspace ] GC(0) Metaspace: 14268K(15104K)->14268K(15104K) NonClass: 12517K(13056K)->12517K(13056K) Class: 1751K(2048K)->1751K(2048K)
[2024-09-11T23:40:03.703+0530][gc           ] GC(0) Pause Young (Normal) (G1 Evacuation Pause) 51M->7M(1024M) 17.878ms
[2024-09-11T23:40:03.703+0530][gc,cpu       ] GC(0) User=0.04s Sys=0.08s Real=0.02s
[2024-09-11T23:40:22.006+0530][gc,heap,exit ] Heap
[2024-09-11T23:40:22.007+0530][gc,heap,exit ]  garbage-first heap   total 1048576K, used 12602K [0x00000000c0000000, 0x0000000100000000)
[2024-09-11T23:40:22.007+0530][gc,heap,exit ]   region size 1024K, 13 young (13312K), 7 survivors (7168K)
[2024-09-11T23:40:22.008+0530][gc,heap,exit ]  Metaspace       used 15223K, capacity 15728K, committed 16000K, reserved 1062912K
[2024-09-11T23:40:22.008+0530][gc,heap,exit ]   class space    used 1869K, capacity 2070K, committed 2176K, reserved 1048576K
